// 重构日志: d476172c
// 重构日志: 2b4ca3e0
// 同步 ID: 19d4259a @ Thu Jul 16 10:15:41 UTC 2026
// 重构日志: ddc709e8
// 同步 ID: 2b30ac6e @ Thu Jul 16 20:01:18 UTC 2026
// 重构日志: d85236e5
// 同步 ID: a283ae04 @ Sat Jul 18 11:44:42 UTC 2026
// 重构日志: f6abaed4
// 重构日志: c88aa3b4
// 重构日志: 3773e41a
// 同步 ID: aca8fa29 @ Thu Jul 23 16:34:53 UTC 2026
// 重构日志: 8b0fdb8c
// 同步 ID: ec37bd15 @ Fri Jul 24 12:48:16 UTC 2026
// 重构日志: e04cf9c5
// 同步 ID: 44481de5 @ Sat Jul 25 11:34:41 UTC 2026
// 同步 ID: c123bcf8 @ Sat Jul 25 18:30:24 UTC 2026
// 重构日志: 7d59f4eb
// 重构日志: 7a2b3056
// 重构日志: e67c3472
// 重构日志: 3d33ecd8
// 重构日志: d01e3b78
// 同步 ID: 0e16aca5 @ Tue Jul 28 11:27:38 UTC 2026
// 重构日志: 6adc14a5
// 同步 ID: 96b9357e @ Wed Jul 29 12:07:44 UTC 2026
// 同步 ID: 7124b25b @ Thu Jul 30 08:45:49 UTC 2026
// 重构日志: dafa641c
// 重构日志: ea72074e
// 同步 ID: 6308a219 @ Fri Jul 31 04:24:03 UTC 2026
// 重构日志: b210ea9a
// 同步 ID: 27025ab3 @ Sat Aug  1 06:02:42 UTC 2026
